2026-04-03 18:47:52,208 - INFO - Performing login
2026-04-03 18:47:52,209 - INFO - Entering username
2026-04-03 18:47:52,568 - INFO - Entering password
2026-04-03 18:47:52,581 - INFO - Clicking login button
2026-04-03 18:47:53,980 - INFO - Login successful - Dashboard loaded
2026-04-03 18:48:01,695 - INFO - Performing login
2026-04-03 18:48:01,695 - INFO - Entering username
2026-04-03 18:48:02,080 - INFO - Entering password
2026-04-03 18:48:02,092 - INFO - Clicking login button
2026-04-03 18:48:03,521 - INFO - Login successful - Dashboard loaded
2026-04-03 18:48:06,976 - INFO - Performing login
2026-04-03 18:48:06,976 - INFO - Entering username
2026-04-03 18:48:07,337 - INFO - Entering password
2026-04-03 18:48:07,351 - INFO - Clicking login button
2026-04-03 18:48:09,225 - INFO - Login successful - Dashboard loaded
2026-04-03 18:51:44,861 - INFO - Performing login
2026-04-03 18:51:44,862 - INFO - Entering username
2026-04-03 18:51:45,223 - INFO - Entering password
2026-04-03 18:51:45,235 - INFO - Clicking login button
2026-04-03 18:51:46,791 - INFO - Login successful - Dashboard loaded
2026-04-03 18:51:58,583 - INFO - Performing login
2026-04-03 18:51:58,583 - INFO - Entering username
2026-04-03 18:51:58,941 - INFO - Entering password
2026-04-03 18:51:58,954 - INFO - Clicking login button
2026-04-03 18:52:00,299 - INFO - Login successful - Dashboard loaded
2026-04-03 18:52:03,530 - INFO - Performing login
2026-04-03 18:52:03,530 - INFO - Entering username
2026-04-03 18:52:04,384 - INFO - Entering password
2026-04-03 18:52:04,395 - INFO - Clicking login button
2026-04-03 18:52:05,797 - INFO - Login successful - Dashboard loaded
2026-04-03 19:01:15,988 - INFO - Performing login
2026-04-03 19:01:15,988 - INFO - Entering username
2026-04-03 19:01:16,367 - INFO - Entering password
2026-04-03 19:01:16,384 - INFO - Clicking login button
2026-04-03 19:01:17,299 - INFO - Performing login
2026-04-03 19:01:17,299 - INFO - Entering username
2026-04-03 19:01:17,710 - INFO - Entering password
2026-04-03 19:01:17,722 - INFO - Clicking login button
2026-04-03 19:01:17,767 - INFO - Login successful - Dashboard loaded
2026-04-03 19:01:19,396 - INFO - Login successful - Dashboard loaded
2026-04-03 19:01:25,337 - INFO - Performing login
2026-04-03 19:01:25,338 - INFO - Entering username
2026-04-03 19:01:25,862 - INFO - Entering password
2026-04-03 19:01:25,878 - INFO - Clicking login button
2026-04-03 19:01:29,847 - INFO - Login successful - Dashboard loaded
2026-04-03 19:36:17,461 - INFO - Performing login
2026-04-03 19:36:17,462 - INFO - Entering username
2026-04-03 19:36:17,845 - INFO - Entering password
2026-04-03 19:36:17,860 - INFO - Clicking login button
2026-04-03 19:36:19,533 - INFO - Login successful - Dashboard loaded
2026-04-03 19:40:24,289 - INFO - Performing login
2026-04-03 19:40:24,290 - INFO - Entering username
2026-04-03 19:40:26,720 - INFO - Entering password
2026-04-03 19:40:26,731 - INFO - Clicking login button
2026-04-03 19:40:31,646 - INFO - Login successful - Dashboard loaded
2026-04-03 20:08:26,979 - INFO - Performing login
2026-04-03 20:08:26,979 - INFO - Entering username
2026-04-03 20:08:27,350 - INFO - Entering password
2026-04-03 20:08:27,366 - INFO - Clicking login button
2026-04-03 20:08:29,251 - INFO - Login successful - Dashboard loaded
2026-04-03 20:11:11,515 - INFO - Performing login
2026-04-03 20:11:11,516 - INFO - Entering username
2026-04-03 20:11:14,432 - INFO - Entering password
2026-04-03 20:11:14,446 - INFO - Clicking login button
2026-04-03 20:11:17,062 - INFO - Login successful - Dashboard loaded
2026-04-03 20:13:09,427 - INFO - Performing login
2026-04-03 20:13:09,428 - INFO - Entering username
2026-04-03 20:13:09,824 - INFO - Entering password
2026-04-03 20:13:09,836 - INFO - Clicking login button
2026-04-03 20:13:11,557 - INFO - Login successful - Dashboard loaded
2026-04-03 20:15:40,357 - INFO - Performing login
2026-04-03 20:15:40,358 - INFO - Entering username
2026-04-03 20:15:41,737 - INFO - Entering password
2026-04-03 20:15:41,750 - INFO - Clicking login button
2026-04-03 20:15:46,750 - INFO - Login successful - Dashboard loaded
2026-04-03 20:16:43,267 - INFO - Performing login
2026-04-03 20:16:43,268 - INFO - Entering username
2026-04-03 20:16:43,684 - INFO - Entering password
2026-04-03 20:16:43,697 - INFO - Clicking login button
2026-04-03 20:16:45,543 - INFO - Login successful - Dashboard loaded
2026-04-03 20:22:53,437 - INFO - Performing login
2026-04-03 20:22:53,438 - INFO - Entering username
2026-04-03 20:22:54,819 - INFO - Entering password
2026-04-03 20:22:54,832 - INFO - Clicking login button
2026-04-03 20:22:58,355 - INFO - Login successful - Dashboard loaded
2026-04-03 20:34:54,746 - INFO - Performing login
2026-04-03 20:34:54,747 - INFO - Entering username
2026-04-03 20:34:55,603 - INFO - Entering password
2026-04-03 20:34:55,614 - INFO - Clicking login button
2026-04-03 20:34:56,935 - INFO - Login successful - Dashboard loaded
2026-04-03 20:36:30,354 - INFO - Performing login
2026-04-03 20:36:30,355 - INFO - Entering username
2026-04-03 20:36:30,759 - INFO - Entering password
2026-04-03 20:36:30,774 - INFO - Clicking login button
2026-04-03 20:36:33,167 - INFO - Login successful - Dashboard loaded
2026-04-03 20:37:24,117 - INFO - Performing login
2026-04-03 20:37:24,118 - INFO - Entering username
2026-04-03 20:37:25,555 - INFO - Entering password
2026-04-03 20:37:25,585 - INFO - Clicking login button
2026-04-03 20:37:30,212 - INFO - Login successful - Dashboard loaded
2026-04-03 20:39:21,666 - INFO - Performing login
2026-04-03 20:39:21,667 - INFO - Entering username
2026-04-03 20:39:22,579 - INFO - Entering password
2026-04-03 20:39:22,594 - INFO - Clicking login button
2026-04-03 20:39:24,359 - INFO - Login successful - Dashboard loaded
2026-04-03 20:57:43,466 - INFO - Performing login
2026-04-03 20:57:43,467 - INFO - Entering username
2026-04-03 20:57:44,328 - INFO - Entering password
2026-04-03 20:57:44,341 - INFO - Clicking login button
2026-04-03 20:57:45,711 - INFO - Login successful - Dashboard loaded
2026-04-03 21:02:28,194 - INFO - Performing login
2026-04-03 21:02:28,194 - INFO - Entering username
2026-04-03 21:02:28,540 - INFO - Entering password
2026-04-03 21:02:28,554 - INFO - Clicking login button
2026-04-03 21:02:30,063 - INFO - Login successful - Dashboard loaded
2026-04-03 21:12:30,104 - INFO - Performing login
2026-04-03 21:12:30,105 - INFO - Entering username
2026-04-03 21:12:30,474 - INFO - Entering password
2026-04-03 21:12:30,486 - INFO - Clicking login button
2026-04-03 21:12:31,866 - INFO - Login successful - Dashboard loaded
2026-04-03 21:13:14,288 - INFO - Performing login
2026-04-03 21:13:14,289 - INFO - Entering username
2026-04-03 21:13:14,675 - INFO - Entering password
2026-04-03 21:13:14,689 - INFO - Clicking login button
2026-04-03 21:13:16,216 - INFO - Login successful - Dashboard loaded
2026-04-03 21:14:01,509 - INFO - Performing login
2026-04-03 21:14:01,511 - INFO - Entering username
2026-04-03 21:14:02,038 - INFO - Entering password
2026-04-03 21:14:02,065 - INFO - Clicking login button
2026-04-03 21:14:03,780 - INFO - Login successful - Dashboard loaded
2026-04-03 21:17:28,700 - INFO - Performing login
2026-04-03 21:17:28,700 - INFO - Entering username
2026-04-03 21:17:29,057 - INFO - Entering password
2026-04-03 21:17:29,070 - INFO - Clicking login button
2026-04-03 21:17:30,928 - INFO - Login successful - Dashboard loaded
2026-04-03 21:18:29,547 - INFO - Performing login
2026-04-03 21:18:29,548 - INFO - Entering username
2026-04-03 21:18:29,919 - INFO - Entering password
2026-04-03 21:18:29,937 - INFO - Clicking login button
2026-04-03 21:18:31,811 - INFO - Login successful - Dashboard loaded
2026-04-03 21:19:28,240 - INFO - Performing login
2026-04-03 21:19:28,240 - INFO - Entering username
2026-04-03 21:19:28,605 - INFO - Entering password
2026-04-03 21:19:28,618 - INFO - Clicking login button
2026-04-03 21:19:30,068 - INFO - Login successful - Dashboard loaded
2026-04-03 21:29:28,325 - INFO - Performing login
2026-04-03 21:29:28,326 - INFO - Entering username
2026-04-03 21:29:28,688 - INFO - Entering password
2026-04-03 21:29:28,698 - INFO - Clicking login button
2026-04-03 21:29:30,096 - INFO - Login successful - Dashboard loaded
2026-04-03 21:32:03,709 - INFO - Performing login
2026-04-03 21:32:03,710 - INFO - Entering username
2026-04-03 21:32:04,112 - INFO - Entering password
2026-04-03 21:32:04,128 - INFO - Clicking login button
2026-04-03 21:32:05,677 - INFO - Login successful - Dashboard loaded
2026-04-03 22:07:57,748 - INFO - Performing login
2026-04-03 22:07:57,748 - INFO - Entering username
2026-04-03 22:07:58,339 - INFO - Entering password
2026-04-03 22:07:58,362 - INFO - Clicking login button
2026-04-03 22:08:02,194 - INFO - Login successful - Dashboard loaded
2026-04-03 22:09:54,359 - INFO - Performing login
2026-04-03 22:09:54,360 - INFO - Entering username
2026-04-03 22:09:54,575 - INFO - Performing login
2026-04-03 22:09:54,576 - INFO - Entering username
2026-04-03 22:09:54,688 - INFO - Performing login
2026-04-03 22:09:54,689 - INFO - Entering username
2026-04-03 22:09:54,888 - INFO - Entering password
2026-04-03 22:09:54,914 - INFO - Clicking login button
2026-04-03 22:09:55,346 - INFO - Entering password
2026-04-03 22:09:55,503 - INFO - Clicking login button
2026-04-03 22:09:55,567 - INFO - Entering password
2026-04-03 22:09:55,630 - INFO - Clicking login button
2026-04-03 22:09:56,467 - INFO - Performing login
2026-04-03 22:09:56,468 - INFO - Entering username
2026-04-03 22:09:56,960 - INFO - Login successful - Dashboard loaded
2026-04-03 22:09:57,061 - INFO - Performing login
2026-04-03 22:09:57,062 - INFO - Entering username
2026-04-03 22:09:57,626 - INFO - Performing login
2026-04-03 22:09:57,627 - INFO - Entering username
2026-04-03 22:09:57,826 - INFO - Entering password
2026-04-03 22:09:57,874 - INFO - Clicking login button
2026-04-03 22:09:58,067 - INFO - Entering password
2026-04-03 22:09:58,097 - INFO - Clicking login button
2026-04-03 22:09:58,246 - INFO - Login successful - Dashboard loaded
2026-04-03 22:09:58,913 - INFO - Entering password
2026-04-03 22:09:59,086 - INFO - Login successful - Dashboard loaded
2026-04-03 22:09:59,325 - INFO - Clicking login button
2026-04-03 22:10:00,004 - INFO - Performing login
2026-04-03 22:10:00,004 - INFO - Entering username
2026-04-03 22:10:01,454 - INFO - Login successful - Dashboard loaded
2026-04-03 22:10:01,715 - INFO - Login successful - Dashboard loaded
2026-04-03 22:10:01,936 - INFO - Entering password
2026-04-03 22:10:02,157 - INFO - Clicking login button
2026-04-03 22:10:02,223 - INFO - Login successful - Dashboard loaded
2026-04-03 22:10:05,299 - INFO - Login successful - Dashboard loaded
2026-04-03 22:11:13,998 - INFO - Performing login
2026-04-03 22:11:13,999 - INFO - Entering username
2026-04-03 22:11:14,142 - INFO - Performing login
2026-04-03 22:11:14,143 - INFO - Entering username
2026-04-03 22:11:14,378 - INFO - Entering password
2026-04-03 22:11:14,396 - INFO - Clicking login button
2026-04-03 22:11:14,995 - INFO - Entering password
2026-04-03 22:11:15,014 - INFO - Clicking login button
2026-04-03 22:11:16,107 - INFO - Login successful - Dashboard loaded
2026-04-03 22:11:16,902 - INFO - Performing login
2026-04-03 22:11:16,902 - INFO - Entering username
2026-04-03 22:11:17,055 - INFO - Performing login
2026-04-03 22:11:17,056 - INFO - Entering username
2026-04-03 22:11:17,541 - INFO - Performing login
2026-04-03 22:11:17,541 - INFO - Entering username
2026-04-03 22:11:17,768 - INFO - Performing login
2026-04-03 22:11:17,768 - INFO - Entering username
2026-04-03 22:11:17,774 - INFO - Performing login
2026-04-03 22:11:17,775 - INFO - Entering username
2026-04-03 22:11:17,845 - INFO - Login successful - Dashboard loaded
2026-04-03 22:11:18,199 - INFO - Entering password
2026-04-03 22:11:18,827 - INFO - Entering password
2026-04-03 22:11:18,828 - INFO - Entering password
2026-04-03 22:11:18,843 - INFO - Clicking login button
2026-04-03 22:11:18,967 - INFO - Clicking login button
2026-04-03 22:11:19,370 - INFO - Entering password
2026-04-03 22:11:19,406 - INFO - Clicking login button
2026-04-03 22:11:21,683 - INFO - Login successful - Dashboard loaded
2026-04-03 22:11:21,787 - INFO - Login successful - Dashboard loaded
2026-04-03 22:11:21,997 - INFO - Login successful - Dashboard loaded
2026-04-03 22:11:22,065 - INFO - Login successful - Dashboard loaded
2026-04-03 22:11:27,926 - INFO - Entering password
2026-04-03 22:11:29,809 - INFO - Clicking login button
2026-04-03 22:11:32,831 - INFO - Login successful - Dashboard loaded
